
> backend@0.0.1 start
> nest start

{"level":"log","pid":22640,"timestamp":1784373038408,"message":"Starting Nest application...","context":"NestFactory"}
{"level":"log","pid":22640,"timestamp":1784373038412,"message":"ObservabilityModule dependencies initialized","context":"InstanceLoader"}
{"level":"log","pid":22640,"timestamp":1784373038413,"message":"AuthModule dependencies initialized","context":"InstanceLoader"}
{"level":"log","pid":22640,"timestamp":1784373038415,"message":"AudioModule dependencies initialized","context":"InstanceLoader"}
{"level":"log","pid":22640,"timestamp":1784373038417,"message":"ContextModule dependencies initialized","context":"InstanceLoader"}
{"level":"log","pid":22640,"timestamp":1784373038420,"message":"MessagingModule dependencies initialized","context":"InstanceLoader"}
{"level":"log","pid":22640,"timestamp":1784373038422,"message":"ConfigHostModule dependencies initialized","context":"InstanceLoader"}
{"level":"log","pid":22640,"timestamp":1784373038424,"message":"ParticipantsModule dependencies initialized","context":"InstanceLoader"}
{"level":"log","pid":22640,"timestamp":1784373038425,"message":"HttpModule dependencies initialized","context":"InstanceLoader"}
{"level":"log","pid":22640,"timestamp":1784373038428,"message":"AppModule dependencies initialized","context":"InstanceLoader"}
{"level":"log","pid":22640,"timestamp":1784373038429,"message":"HealthModule dependencies initialized","context":"InstanceLoader"}
{"level":"log","pid":22640,"timestamp":1784373038431,"message":"ConfigModule dependencies initialized","context":"InstanceLoader"}
{"level":"log","pid":22640,"timestamp":1784373038433,"message":"TurnsModule dependencies initialized","context":"InstanceLoader"}
{"level":"log","pid":22640,"timestamp":1784373038435,"message":"SttModule dependencies initialized","context":"InstanceLoader"}
{"level":"log","pid":22640,"timestamp":1784373038437,"message":"TranslationModule dependencies initialized","context":"InstanceLoader"}
{"level":"log","pid":22640,"timestamp":1784373038438,"message":"PipelineModule dependencies initialized","context":"InstanceLoader"}
{"level":"log","pid":22640,"timestamp":1784373038440,"message":"SessionsModule dependencies initialized","context":"InstanceLoader"}
{"level":"log","pid":22640,"timestamp":1784373038442,"message":"RealtimeModule dependencies initialized","context":"InstanceLoader"}
{"level":"log","pid":22640,"timestamp":1784373038444,"message":"RealtimeGateway subscribed to the \"turn.start\" message","context":"WebSocketsController"}
{"level":"log","pid":22640,"timestamp":1784373038445,"message":"RealtimeGateway subscribed to the \"audio.chunk\" message","context":"WebSocketsController"}
{"level":"log","pid":22640,"timestamp":1784373038447,"message":"RealtimeGateway subscribed to the \"turn.end\" message","context":"WebSocketsController"}
{"level":"log","pid":22640,"timestamp":1784373038449,"message":"RealtimeGateway subscribed to the \"turn.cancel\" message","context":"WebSocketsController"}
{"level":"log","pid":22640,"timestamp":1784373038451,"message":"HealthController {/health}:","context":"RoutesResolver"}
{"level":"log","pid":22640,"timestamp":1784373038452,"message":"Mapped {/health, GET} route","context":"RouterExplorer"}
{"level":"log","pid":22640,"timestamp":1784373038454,"message":"LobbyRoomsController {/api/rooms}:","context":"RoutesResolver"}
{"level":"log","pid":22640,"timestamp":1784373038456,"message":"Mapped {/api/rooms, GET} route","context":"RouterExplorer"}
{"level":"log","pid":22640,"timestamp":1784373038458,"message":"SessionsController {/api/sessions}:","context":"RoutesResolver"}
{"level":"log","pid":22640,"timestamp":1784373038459,"message":"Mapped {/api/sessions, POST} route","context":"RouterExplorer"}
{"level":"log","pid":22640,"timestamp":1784373038461,"message":"Mapped {/api/sessions/:roomCode/join, POST} route","context":"RouterExplorer"}
{"level":"log","pid":22640,"timestamp":1784373038463,"message":"Mapped {/api/sessions/:roomCode, GET} route","context":"RouterExplorer"}
{"level":"log","pid":22640,"timestamp":1784373038465,"message":"Mapped {/api/sessions/:sessionId/end, POST} route","context":"RouterExplorer"}
{"level":"log","pid":22640,"timestamp":1784373038467,"message":"Nest application successfully started","context":"NestApplication"}
{"level":"log","pid":22640,"timestamp":1784373038470,"message":{"event":"application.started","environment":"development","host":"127.0.0.1","port":3000,"status":"ready"},"context":"Bootstrap"}
{"level":"log","pid":22640,"timestamp":1784373066245,"message":{"durationMs":0,"errorCode":null,"event":"session.created","participantId":"participant_e4a5c6fa-0399-4023-8d7c-3863b7e69d51","sessionId":"session_d310f656-4c6a-4c60-8f95-18611cd074ab","status":"success","turnId":null},"context":"SessionsService"}
{"level":"log","pid":22640,"timestamp":1784373066250,"message":{"durationMs":1,"errorCode":null,"event":"session.joined","participantId":"participant_dba9bbc8-f560-421d-abb8-56e6bc9d8bd5","sessionId":"session_d310f656-4c6a-4c60-8f95-18611cd074ab","status":"success","turnId":null},"context":"SessionsService"}
{"level":"log","pid":22640,"timestamp":1784373066271,"message":{"durationMs":null,"errorCode":null,"event":"participant.connected","participantId":"participant_e4a5c6fa-0399-4023-8d7c-3863b7e69d51","sessionId":"session_d310f656-4c6a-4c60-8f95-18611cd074ab","status":"success","turnId":null},"context":"RealtimeGateway"}
{"level":"log","pid":22640,"timestamp":1784373066273,"message":{"durationMs":null,"errorCode":null,"event":"participant.connected","participantId":"participant_dba9bbc8-f560-421d-abb8-56e6bc9d8bd5","sessionId":"session_d310f656-4c6a-4c60-8f95-18611cd074ab","status":"success","turnId":null},"context":"RealtimeGateway"}
{"level":"log","pid":22640,"timestamp":1784373066275,"message":{"durationMs":0,"errorCode":null,"event":"turn.started","participantId":"participant_dba9bbc8-f560-421d-abb8-56e6bc9d8bd5","sessionId":"session_d310f656-4c6a-4c60-8f95-18611cd074ab","status":"success","turnId":"turn_0dde0738-6874-472c-9220-d6dcec9e7afc"},"context":"TurnsService"}
{"level":"log","pid":22640,"timestamp":1784373066316,"message":{"durationMs":41,"errorCode":"STT_PROVIDER_ERROR","event":"turn.failed","participantId":"participant_dba9bbc8-f560-421d-abb8-56e6bc9d8bd5","sessionId":"session_d310f656-4c6a-4c60-8f95-18611cd074ab","status":"error","turnId":"turn_0dde0738-6874-472c-9220-d6dcec9e7afc"},"context":"TurnsService"}
{"level":"log","pid":22640,"timestamp":1784373066319,"message":{"durationMs":null,"errorCode":null,"event":"participant.disconnected","participantId":"participant_e4a5c6fa-0399-4023-8d7c-3863b7e69d51","sessionId":"session_d310f656-4c6a-4c60-8f95-18611cd074ab","status":"success","turnId":null},"context":"RealtimeGateway"}
{"level":"log","pid":22640,"timestamp":1784373066321,"message":{"durationMs":null,"errorCode":null,"event":"participant.disconnected","participantId":"participant_dba9bbc8-f560-421d-abb8-56e6bc9d8bd5","sessionId":"session_d310f656-4c6a-4c60-8f95-18611cd074ab","status":"success","turnId":null},"context":"RealtimeGateway"}
{"level":"log","pid":22640,"timestamp":1784373066323,"message":{"durationMs":0,"errorCode":null,"event":"session.ended","participantId":null,"sessionId":"session_d310f656-4c6a-4c60-8f95-18611cd074ab","status":"success","turnId":null},"context":"SessionsService"}
{"level":"log","pid":22640,"timestamp":1784373189415,"message":{"durationMs":0,"errorCode":null,"event":"session.created","participantId":"participant_a67cf72c-5394-452e-b972-04cc3e791c77","sessionId":"session_6de5818d-d389-4016-8a43-7625cf070272","status":"success","turnId":null},"context":"SessionsService"}
{"level":"log","pid":22640,"timestamp":1784373189421,"message":{"durationMs":0,"errorCode":null,"event":"session.joined","participantId":"participant_d4b4644b-e3d2-49e5-89e6-d400c1eeb3b8","sessionId":"session_6de5818d-d389-4016-8a43-7625cf070272","status":"success","turnId":null},"context":"SessionsService"}
{"level":"log","pid":22640,"timestamp":1784373189445,"message":{"durationMs":null,"errorCode":null,"event":"participant.connected","participantId":"participant_a67cf72c-5394-452e-b972-04cc3e791c77","sessionId":"session_6de5818d-d389-4016-8a43-7625cf070272","status":"success","turnId":null},"context":"RealtimeGateway"}
{"level":"log","pid":22640,"timestamp":1784373189447,"message":{"durationMs":null,"errorCode":null,"event":"participant.connected","participantId":"participant_d4b4644b-e3d2-49e5-89e6-d400c1eeb3b8","sessionId":"session_6de5818d-d389-4016-8a43-7625cf070272","status":"success","turnId":null},"context":"RealtimeGateway"}
{"level":"log","pid":22640,"timestamp":1784373189448,"message":{"durationMs":0,"errorCode":null,"event":"turn.started","participantId":"participant_d4b4644b-e3d2-49e5-89e6-d400c1eeb3b8","sessionId":"session_6de5818d-d389-4016-8a43-7625cf070272","status":"success","turnId":"turn_c4af0b21-f3fe-4686-b1f6-49a68f2ffa77"},"context":"TurnsService"}
{"level":"log","pid":22640,"timestamp":1784373190086,"message":{"durationMs":638,"errorCode":"STT_PROVIDER_ERROR","event":"turn.failed","participantId":"participant_d4b4644b-e3d2-49e5-89e6-d400c1eeb3b8","sessionId":"session_6de5818d-d389-4016-8a43-7625cf070272","status":"error","turnId":"turn_c4af0b21-f3fe-4686-b1f6-49a68f2ffa77"},"context":"TurnsService"}
{"level":"log","pid":22640,"timestamp":1784373190088,"message":{"durationMs":null,"errorCode":null,"event":"participant.disconnected","participantId":"participant_a67cf72c-5394-452e-b972-04cc3e791c77","sessionId":"session_6de5818d-d389-4016-8a43-7625cf070272","status":"success","turnId":null},"context":"RealtimeGateway"}
{"level":"log","pid":22640,"timestamp":1784373190089,"message":{"durationMs":null,"errorCode":null,"event":"participant.disconnected","participantId":"participant_d4b4644b-e3d2-49e5-89e6-d400c1eeb3b8","sessionId":"session_6de5818d-d389-4016-8a43-7625cf070272","status":"success","turnId":null},"context":"RealtimeGateway"}
{"level":"log","pid":22640,"timestamp":1784373190091,"message":{"durationMs":0,"errorCode":null,"event":"session.ended","participantId":null,"sessionId":"session_6de5818d-d389-4016-8a43-7625cf070272","status":"success","turnId":null},"context":"SessionsService"}
{"level":"log","pid":22640,"timestamp":1784373534160,"message":{"durationMs":0,"errorCode":null,"event":"session.created","participantId":"participant_515e3b35-1c4f-47a9-9dc3-bbe37f75cff2","sessionId":"session_724f347f-f497-4e24-b35d-a066344c3124","status":"success","turnId":null},"context":"SessionsService"}
{"level":"log","pid":22640,"timestamp":1784373534197,"message":{"durationMs":null,"errorCode":null,"event":"participant.connected","participantId":"participant_515e3b35-1c4f-47a9-9dc3-bbe37f75cff2","sessionId":"session_724f347f-f497-4e24-b35d-a066344c3124","status":"success","turnId":null},"context":"RealtimeGateway"}
{"level":"log","pid":22640,"timestamp":1784373552550,"message":{"durationMs":0,"errorCode":null,"event":"session.joined","participantId":"participant_acdbef31-2d0f-45bb-825d-4706b3cc86fd","sessionId":"session_724f347f-f497-4e24-b35d-a066344c3124","status":"success","turnId":null},"context":"SessionsService"}
{"level":"log","pid":22640,"timestamp":1784373552600,"message":{"durationMs":null,"errorCode":null,"event":"participant.connected","participantId":"participant_acdbef31-2d0f-45bb-825d-4706b3cc86fd","sessionId":"session_724f347f-f497-4e24-b35d-a066344c3124","status":"success","turnId":null},"context":"RealtimeGateway"}
{"level":"log","pid":22640,"timestamp":1784373725575,"message":{"durationMs":0,"errorCode":null,"event":"session.ended","participantId":null,"sessionId":"session_724f347f-f497-4e24-b35d-a066344c3124","status":"success","turnId":null},"context":"SessionsService"}
{"level":"log","pid":22640,"timestamp":1784373725580,"message":{"durationMs":null,"errorCode":null,"event":"participant.disconnected","participantId":"participant_acdbef31-2d0f-45bb-825d-4706b3cc86fd","sessionId":"session_724f347f-f497-4e24-b35d-a066344c3124","status":"success","turnId":null},"context":"RealtimeGateway"}
{"level":"log","pid":22640,"timestamp":1784373725903,"message":{"durationMs":null,"errorCode":null,"event":"participant.disconnected","participantId":"participant_515e3b35-1c4f-47a9-9dc3-bbe37f75cff2","sessionId":"session_724f347f-f497-4e24-b35d-a066344c3124","status":"success","turnId":null},"context":"RealtimeGateway"}
{"level":"log","pid":22640,"timestamp":1784373906602,"message":{"durationMs":0,"errorCode":null,"event":"session.created","participantId":"participant_5e335e32-f788-478c-8be9-77332e69a284","sessionId":"session_90b0aa36-6261-4584-89f1-559fe18101a7","status":"success","turnId":null},"context":"SessionsService"}
{"level":"log","pid":22640,"timestamp":1784373906608,"message":{"durationMs":1,"errorCode":null,"event":"session.joined","participantId":"participant_23185d16-6e38-44ed-ba99-36e539018df6","sessionId":"session_90b0aa36-6261-4584-89f1-559fe18101a7","status":"success","turnId":null},"context":"SessionsService"}
{"level":"log","pid":22640,"timestamp":1784373906624,"message":{"durationMs":null,"errorCode":null,"event":"participant.connected","participantId":"participant_5e335e32-f788-478c-8be9-77332e69a284","sessionId":"session_90b0aa36-6261-4584-89f1-559fe18101a7","status":"success","turnId":null},"context":"RealtimeGateway"}
{"level":"log","pid":22640,"timestamp":1784373906626,"message":{"durationMs":null,"errorCode":null,"event":"participant.connected","participantId":"participant_23185d16-6e38-44ed-ba99-36e539018df6","sessionId":"session_90b0aa36-6261-4584-89f1-559fe18101a7","status":"success","turnId":null},"context":"RealtimeGateway"}
{"level":"log","pid":22640,"timestamp":1784373906627,"message":{"durationMs":0,"errorCode":null,"event":"turn.started","participantId":"participant_23185d16-6e38-44ed-ba99-36e539018df6","sessionId":"session_90b0aa36-6261-4584-89f1-559fe18101a7","status":"success","turnId":"turn_d10591fa-6a45-41a0-91e7-c5204b0f0d3e"},"context":"TurnsService"}
{"level":"log","pid":22640,"timestamp":1784373908064,"message":{"durationMs":1437,"errorCode":null,"event":"turn.completed","participantId":"participant_23185d16-6e38-44ed-ba99-36e539018df6","sessionId":"session_90b0aa36-6261-4584-89f1-559fe18101a7","status":"success","turnId":"turn_d10591fa-6a45-41a0-91e7-c5204b0f0d3e"},"context":"TurnsService"}
{"level":"log","pid":22640,"timestamp":1784373908073,"message":{"durationMs":null,"errorCode":null,"event":"participant.disconnected","participantId":"participant_5e335e32-f788-478c-8be9-77332e69a284","sessionId":"session_90b0aa36-6261-4584-89f1-559fe18101a7","status":"success","turnId":null},"context":"RealtimeGateway"}
{"level":"log","pid":22640,"timestamp":1784373908076,"message":{"durationMs":null,"errorCode":null,"event":"participant.disconnected","participantId":"participant_23185d16-6e38-44ed-ba99-36e539018df6","sessionId":"session_90b0aa36-6261-4584-89f1-559fe18101a7","status":"success","turnId":null},"context":"RealtimeGateway"}
{"level":"log","pid":22640,"timestamp":1784373908080,"message":{"durationMs":0,"errorCode":null,"event":"session.ended","participantId":null,"sessionId":"session_90b0aa36-6261-4584-89f1-559fe18101a7","status":"success","turnId":null},"context":"SessionsService"}
{"level":"log","pid":22640,"timestamp":1784373949943,"message":{"durationMs":0,"errorCode":null,"event":"session.created","participantId":"participant_31235d68-c112-4e6b-8366-5da63bdbe061","sessionId":"session_f80ce2b2-2b57-4747-8222-54fb7d7394db","status":"success","turnId":null},"context":"SessionsService"}
{"level":"log","pid":22640,"timestamp":1784373949973,"message":{"durationMs":null,"errorCode":null,"event":"participant.connected","participantId":"participant_31235d68-c112-4e6b-8366-5da63bdbe061","sessionId":"session_f80ce2b2-2b57-4747-8222-54fb7d7394db","status":"success","turnId":null},"context":"RealtimeGateway"}
{"level":"log","pid":22640,"timestamp":1784373962813,"message":{"durationMs":0,"errorCode":null,"event":"session.joined","participantId":"participant_6c4a1db4-44ad-4199-98ae-777c7e276308","sessionId":"session_f80ce2b2-2b57-4747-8222-54fb7d7394db","status":"success","turnId":null},"context":"SessionsService"}
{"level":"log","pid":22640,"timestamp":1784373962863,"message":{"durationMs":null,"errorCode":null,"event":"participant.connected","participantId":"participant_6c4a1db4-44ad-4199-98ae-777c7e276308","sessionId":"session_f80ce2b2-2b57-4747-8222-54fb7d7394db","status":"success","turnId":null},"context":"RealtimeGateway"}
{"level":"log","pid":22640,"timestamp":1784374008444,"message":{"durationMs":0,"errorCode":null,"event":"session.ended","participantId":null,"sessionId":"session_f80ce2b2-2b57-4747-8222-54fb7d7394db","status":"success","turnId":null},"context":"SessionsService"}
{"level":"log","pid":22640,"timestamp":1784374008449,"message":{"durationMs":null,"errorCode":null,"event":"participant.disconnected","participantId":"participant_6c4a1db4-44ad-4199-98ae-777c7e276308","sessionId":"session_f80ce2b2-2b57-4747-8222-54fb7d7394db","status":"success","turnId":null},"context":"RealtimeGateway"}
{"level":"log","pid":22640,"timestamp":1784374008459,"message":{"durationMs":null,"errorCode":null,"event":"participant.disconnected","participantId":"participant_31235d68-c112-4e6b-8366-5da63bdbe061","sessionId":"session_f80ce2b2-2b57-4747-8222-54fb7d7394db","status":"success","turnId":null},"context":"RealtimeGateway"}
{"level":"log","pid":22640,"timestamp":1784374091029,"message":{"durationMs":0,"errorCode":null,"event":"session.created","participantId":"participant_97d1168f-9026-4126-8234-61693784c555","sessionId":"session_93a2b956-835e-4047-a4ef-31345d83c216","status":"success","turnId":null},"context":"SessionsService"}
{"level":"log","pid":22640,"timestamp":1784374091044,"message":{"durationMs":null,"errorCode":null,"event":"participant.connected","participantId":"participant_97d1168f-9026-4126-8234-61693784c555","sessionId":"session_93a2b956-835e-4047-a4ef-31345d83c216","status":"success","turnId":null},"context":"RealtimeGateway"}
{"level":"log","pid":22640,"timestamp":1784374335469,"message":{"durationMs":0,"errorCode":null,"event":"session.joined","participantId":"participant_1a66caf5-26c8-4eae-977c-2d689e4a61a6","sessionId":"session_93a2b956-835e-4047-a4ef-31345d83c216","status":"success","turnId":null},"context":"SessionsService"}
{"level":"log","pid":22640,"timestamp":1784374335514,"message":{"durationMs":null,"errorCode":null,"event":"participant.connected","participantId":"participant_1a66caf5-26c8-4eae-977c-2d689e4a61a6","sessionId":"session_93a2b956-835e-4047-a4ef-31345d83c216","status":"success","turnId":null},"context":"RealtimeGateway"}
{"level":"log","pid":22640,"timestamp":1784374379770,"message":{"durationMs":0,"errorCode":null,"event":"session.ended","participantId":null,"sessionId":"session_93a2b956-835e-4047-a4ef-31345d83c216","status":"success","turnId":null},"context":"SessionsService"}
{"level":"log","pid":22640,"timestamp":1784374379775,"message":{"durationMs":null,"errorCode":null,"event":"participant.disconnected","participantId":"participant_1a66caf5-26c8-4eae-977c-2d689e4a61a6","sessionId":"session_93a2b956-835e-4047-a4ef-31345d83c216","status":"success","turnId":null},"context":"RealtimeGateway"}
{"level":"log","pid":22640,"timestamp":1784374379783,"message":{"durationMs":null,"errorCode":null,"event":"participant.disconnected","participantId":"participant_97d1168f-9026-4126-8234-61693784c555","sessionId":"session_93a2b956-835e-4047-a4ef-31345d83c216","status":"success","turnId":null},"context":"RealtimeGateway"}
